MO scan_unit NULL scan_unit.v vlg78/scan__unit.bin 1648123529
MO up_down_counter NULL up_down_counter.v vlg6B/up__down__counter.bin 1648123529
MO top NULL top.v vlg6F/top.bin 1648123529
MO ssd_decoder_unit NULL ssd_decoder_unit.v vlg7E/ssd__decoder__unit.bin 1648123529
MO slowdown_unit NULL slowdown_unit.v vlg34/slowdown__unit.bin 1648123529
